
[37m-------------------------------------------------------------------------------



[2C/---[1CMENU ---\
[2C:[12C:
[2C:[12C:
[2C:[12C:
[2C:[12C:
[2C:[12C:
[2C:[12C:
[2C:[12C:
[2C:[12C:
[2C\------------/







-------------------------------------------------------------------------------
