[?7h[40m[2J[0;1;34;44m ° [37mANSI Gallery                                   ESCAPE[0;44m/[1mQuit   CTRL+Z[0;44m/[1mHelp    [40m

 P[0math[1;30m:

[36mÚ [37mF[0mileName [1;34mÄ[0;34mÄÄÄÄÄÄÄÄÄÄÄÄÄÄÄÄÄÄÄÄÄÄÄÄÄÄÄÄÄÄÄÄÄÄÄÄÄÄ[1mÄ [37mG[0mroup [1;34mÄ[0;34mÄÄÄÄ[1mÄ [37mA[0mrtist [1;34mÄ[0;34mÄÄÄÄ[1mÄ[36m¿
[34m³
[0;34m³
³
³
³
³
³
³
³
³
³
³
³
³
³
³
[1m³
[36mÀ[34mÄ[75CÄ[36mÙ[0m