[0m[1;1H[2J[1;34;44m ╟ [37mChoose your Tagline[0;44m...                                        [1mEscape[0;44m/[1mAbort  

[36;40mз[34mд[0;34mд [1;37mT[0maglines [34mдддддддддддддддддддддддддддддддддддддддддддддддддддддддддддддддд[1mд[36m©
[34mЁ[77CЁ
[0;34mЁ[77CЁ
Ё[77CЁ
Ё[77CЁ
Ё[77CЁ
Ё[77CЁ
Ё[77CЁ
Ё[77CЁ
Ё[77CЁ
юддддддддддддддддддддддддддддддддддддддддддддддддддддддддддддддддддддддддддддды

[1;36mз[34mд[0;34mд [1;37mD[0matabase [34mдддддддддддддддддддддддддддддддддддддддддддддддддддддддддддддддд[1mд[36m©
[34mЁ[5C[37mV[0miewing[1;30m:[31C[37mI[0mnfo[1;30m:[28C[34mЁ
[0;34mЁ    [1;37mT[0maglines[1;30m:[29C[37mS[0mearch[1;30m:[28C[0;34mЁ
юддддддддддддддддддддддддддддддддддддддддддддддддддддддддддддддддддддддддддддды

[1;36mз[34mд[0;34mд [1;37mC[0mommands [1;34mд[0;34mддддддддддддддддддддддддддддддддддддддддддддддддддддддддддддддд[1mд[36m©
[34mЁ  [0;34m[[1mENTER[0;34m]  [1;37mS[0melect[10C[34m[[1mCTRL-K[0;34m] [1;37mC[0mopy to [1mP[0mersonal  [34m[[1mCTRL-N[0;34m] [1;37mN[0mew [1mT[0magline   [1;34mЁ
[0;34mЁ  [[1mCTRL-R[0;34m] [1;37mR[0mandom Tagline  [34m[[1mCTRL-V[0;34m] [1;37mC[0mhange [1mD[0matabase   [34m[[1mCTRL-D[0;34m] [1;37mD[0melete[8C[34mЁ
юддддддддддддддддддддддддддддддддддддддддддддддддддддддддддддддддддддддддддддды