[0m
  [1mBBS Database Configuration                                           DEMON!C
[0m  [31mÄÄÄÄÄÄÄÄÄÄÄÄÄÄÄÄÄÄÄÄÄÄÄÄÄÄÄÄÄÄÄÄÄÄÄÄÄÄÄÄÄÄÄÄÄÄÄÄÄÄÄÄÄÄÄÄÄÄÄÄÄÄÄÄÄÄÄÄÄÄÄÄÄÄÄÄ
[37m
    BBS Database, posts a DATA structure to the ECHONETS, to let others know,
  that your BBS is online and also share the data you provide here.

    To which Message Bases you want to post this DATA structure? Make sure
  that the message base you select is for DATA transfer and the ECHONET is
  providing it for that reason only. DO NOT POST THIS DATA INTO A GENERAL
  CHAT echobase!











  [31mÄÄÄÄÄÄÄÄÄÄÄÄÄÄÄÄÄÄÄÄÄÄÄÄÄÄÄÄÄÄÄÄÄÄÄÄÄÄÄÄÄÄÄÄÄÄÄÄÄÄÄÄÄÄÄÄÄÄÄÄÄÄÄÄÄÄÄÄÄÄÄÄÄÄÄÄ
[37m
