[0m[1;1H


















з[1;30mд/[0m/[1;30m/д[0mдддддддддддддддддддддддд[1;30mд[0mCOMMAND[1;30mд[0mPROMPT[1;30mд[0mддддддддддддддддддддддддддддддЧд©
Ё [1;30mЗ[37m?[30mЗ [37m>                                                                       [30mЁ
юддддддддддддддддддддддддддддддддддддддддддддддддддддддддддддддддддддддддддддд[0mы
