[0m[1;1H|PO  






[2C[1;30m/[ OPTION [37mA [30m]\ÜÜÜÜÜÜÜÜÜÜÜÜÜÜÜÜÜÜÜÜÜÜÜÜÜÜÜÜÜÜÜÜÜÜÜÜÜÜÜÜÜÜÜÜÜÜÜÜÜÜ
[1CÛ[37;47m                                                                [30;40m°
[1C²[37;47m                                                                [30;40m±
[1C°[37;47m [30mOutcomes ÄÄÄÄÄÄÄÄÄÄÄÄÄÄÄÄÄÄÄÄÄÄÄÄÄÄÄÄÄÄÄÄÄÄÄÄÄÄÄÄÄÄÄÄÄÄÄÄÄÄÄÄÄ[37m [30;40m±
[1C°[37;47m                               [30m³[37m                                [30;40m±
[1C°[37;47m                               [30m³[37m                                [30;40m±
[1C\\\±[37mÛ PRESS [[5mA[0;1m] Û[30m±±±±±±±±±±±±±±±±±±±±±±±±±±±±±±±±±±±±±±±±±±±±±±///
[5C[37mßßßßßßßßßßßßß
[13C[30mÜÜÜÜÜÜÜÜÜÜÜÜÜÜÜÜÜÜÜÜÜÜÜÜÜÜÜÜÜÜÜÜÜÜÜÜÜÜÜÜÜÜÜÜÜÜÜÜÜÜ/[ OPTION [37mB [30m]\
[12CÛ[37;47m                                                                [30;40m°
[12C²[37;47m                                                                [30;40m±
[12C°[37;47m [30mOutcomes ÄÄÄÄÄÄÄÄÄÄÄÄÄÄÄÄÄÄÄÄÄÄÄÄÄÄÄÄÄÄÄÄÄÄÄÄÄÄÄÄÄÄÄÄÄÄÄÄÄÄÄÄÄ[37m [30;40m±
[12C°[37;47m                               [30m³[37m                                [30;40m±
[12C°[37;47m                               [30m³[37m                                [30;40m±
[12C\\\±±±±±±±±±±±±±±±±±±±±±±±±±±±±±±±±±±±±±±±±±±±±±±[37mÛ PRESS [[5mB[0;1m] Û[30m±///
[61C[37mßßßßßßßßßßßßß
