[0m[1;1H
[14C[1;30mì                                       ú               *
[37C[37mù                             [0mù
[11C[1;30mú                           ù       [0mù
[4C[1;30mù       ù                       ù
[5Cú                                                  [37mù   [30mù
[23C[37mù       [0mù                                [1;30mù
[7C[0m*              [1;30mù

[40C[33m*                              [30mù
[42C[37mù
[7C[0mù [1mù
[3C[30mù                                               ù         ù  [37mù
ÜÜÜÜÜÜÜÜÜÜÜÜÜÜÜÜÜÜÜÜÜÜÜÜÜÜÜÜÜÜÜÜÜÜÜÜÜÜÜÜÜÜÜÜÜÜÜÜÜÜÜÜÜÜÜÜÜÜÜÜÜÜÜÜÜÜÜÜÜÜÜÜÜÜÜÜÜÜÜ
[30m°°°°°°°°±²[47m [40mß                                                    ß[47m [40m²±°°°°°°°°°°°
°°°°°°°°±²[47m [40m     - - - [37mP 1 X A R I O N [30m- [36mT H E [30m- [36mG A M E [30m- - -    [47m [40m²±°°°°°°°°°°°
°°°°°°°°±²[47m [40m                                                      [47m [40m²±°°°°°°°°°°°
°°°°°°°°±²[47m [40m                [0mA Space Text Strategy Game         [1;30mù  [47m [40m²±°°°°°°°°°°°
°°°°°°°°±²[47m [40m         [0mCreated by Krzysztof Krystian Jankowski    [1;30mù [47m [40m²±°°°°°°°°°°°
°°°°°°°°±²[47m [40m          Developed in Mystic Pascal for a BBS        [47m [40m²±°°°°°°°°°°°
°°°°°°°°±²[47m [40m                                                      [47m [40m²±°°°°°°°°°°°
°°°°°°°°±²[47m [40mÜ        [0mù        [1;30mÜ               Ü            ù     Ü[47m [40m²±°°°°°°°°°°°
ßßßßßßßßßßßßßßßßßßßßßßßßßßßßßÛ PRESS [[5;37mENTER[0;1;30m] Ûßßßßßßßßßßßßßßßßßßßßßßßßßßßßßßßßß
