[0m[1;1H

[5C[1;34m/[[0;34m∞[1;36mTODAY'S[0;34m∞[1;36mEVENT[0;34m∞[1m]\‹‹‹‹‹‹‹‹‹‹‹‹‹‹‹‹‹‹‹‹‹‹‹‹‹‹‹‹‹‹‹‹‹‹‹‹‹‹‹‹‹‹‹‹‹‹‹‹‹‹‹‹
[4C[44m≤∞[37m       [36m [37m                                                    [36m [37m        [34m∞≤[40m  [0m 
[4C[1;34m≤[44m∞                                                                     ∞[40m≤
[4C\[44m±∞                                                                   ∞±[40m/
