[0m[1;1Hз[1;30mд/[0m/[1;30m/д[0mддддддддддддддддддддддд[1;30mд[37mP1X[0mARION[1;30mд[37mL[0mUNAR[1;30mд[37mH[0mUB[1;30mд[0mдддддддддддддддддддддддддддЧд©
Ё                                                                             [1;30mЁ
юддддддддддддддддддддддддддддддддддддддддддддддддддддддддддддддддддддддддддддд[0mы
