[0m[1;1H[2J|AO|PO[5C[1m.[21C[30mú[11C[37m.[24C[30m.
[9Cú[8C.[35C[0mì
[1C[1;30mú[9C[37mú[30mÄ[37m×[30mÄ[37mú[5C.[8C[30mÚÄÄ[27Cú[16C.
[12CÚÁ¿[12Cú  ³ [37mÛÛÛÛÛ   Û  Û[30mú  [37mÛ   [30m.[10C[37m.[5C[30mö[5C.
[3C°±°±°ú[0mú[1múÄ[30m´[37mÛ[30mÃ[37mÄú[0mú[1;30mú°±°±°[6C³ [37mÛ   Û  ÛÛ  Û   Û[23C[30mú  [37m.  [0m.
[13C[1mè[18CÛ [30m. [37mÛ   Û  Û   Û[9C[30mö[13C[0mú
[6C[1;30mö[25C[37mÛ   Û   Û   Û Û[23C[30m.[0m³,
[22C[1;30mö[5C.   [37mÛ   Û   Û    Û[21C[30mú[0mú[1mú[30mÄ[37m*Äú[0mú[1;30mú
[1C.[30C[37mÛÛÛÛÛ   Û   Û Û[7C[0m.[15C'³`
[9C[1;30m.    ú[17C[37mÛ[7CÛ  Û   Û[16C. [30m.    [0mú
[7C.[8Cú [1;30m.[8C[0mø    [1mÛ[7CÛ  Û   Û[12C[30mú[10Cú
[4Cú[27C[37mÛ [30mú[5C[37mÛ  Û [30mú [37mÛ[13C[30m.
[26Cú[5C[37mÛ[7CÛ  Û   Û [30m³[25C[0m.
[8C[1;30mú[23C[37mÛ[7CÛ  Û   Û [30m³ [0m.[9C.[7Cø
[4Cúúú[1mÄÄ[0múú[1;30mú[34CÄÄÙ
[2C.[5Cú[12Cú[14Cú[27Cö
[21C[31;41mßßßßßßßßßßßßßßßßßßßßßßßßßßßßßßßßßßßßßß[40m[6C[0;36mÚÄ[1mÄÄÄ[0;36m¿  [1;37m.
[36mÄ[0;36mÄÄÄ[1mÄÄÄÄ[0;36mÄÄ¿   ÚÄ[1mÄÄÄÄ[31;41mÄ¿    WELCOME TO THE [37mP1X RETRO BBS [31m   ÚÄ[36;40mÄÄÄÄ[0;36mÄÙ  [1;30m. [0;36mÀÄ[1mÄ[30m([0mKKJ[1;30m)[36mÄ
[7C[30m.  [0;36mÀÄ[1mÄÄ[0;36mÙ[6C[1;31mßß[0;31mßßßßßßßßßßßßßßßßßßßßßßßßßßßßßßßßßß[1mßß[18C[30m.
[2C[34mÜÜÜÜÜÜÜÜÜÜÜÜÜÜÜÜÜÜÜÜÜÜÜÜÜÜÜÜÜÜÜÜÜÜÜÜÜÜÜÜÜÜÜÜÜÜÜÜÜÜÜÜÜÜÜÜÜÜÜÜÜÜÜÜÜÜÜÜÜÜÜÜÜÜÜÜ
[1C[30;44m [34mTELNET: [0;44mBBS[1;34m.[0;44mP1X[1;34m.[0;44mIN[1;34m:23[0;34mÛÛÛÛÛÛ[1;44m [33m USER[34m:[37m                              [34mPRESS[37m [0;44mENTER[1;34m  
[40m[1C[37;44m    [34mEST. [0;44mFEB[1;34m-[0;44m2024[1;34m VER.0.1    [33m PASS[34m:[37m                   [0;34mÛ[1;37;44m       [34m [37m  [34mTO PROCEED...
[40m[2Cßßßßßßßßßßßßßßßßßßßßßßßßßßßßßßßßßßßßßßßßßßßßßßßßßßßßßßßßßßßßßßßßßßßßßßßßßßßß
[9C[0m<[1;30m[0m> [1;30mPUT [0mUSER [1;30mWITHOUT PASSWORD FOR A [0mNEW USER REGISTRATION <[1;30m[0m>